// Jest Snapshot v1, https://goo.gl/fbAQLP

exports[`renders user list correctly 1`] = `
<Text>
  Uset List feature and test added
</Text>
`;
